Microsoft Windows [Version 10.0.19041.928]
(c) Microsoft Corporation. All rights reserved.

C:\Users\alswj>cd /apps

C:\apps>cd flask_web

C:\apps\flask_web>pip install virtualenv
Collecting virtualenv
  Downloading virtualenv-20.4.3-py2.py3-none-any.whl (7.2 MB)
     |████████████████████████████████| 7.2 MB 2.2 MB/s
Collecting distlib<1,>=0.3.1
  Downloading distlib-0.3.1-py2.py3-none-any.whl (335 kB)
     |████████████████████████████████| 335 kB ...
Requirement already satisfied: filelock<4,>=3.0.0 in c:\users\alswj\anaconda3\lib\site-packages (from virtualenv) (3.0.12)
Collecting appdirs<2,>=1.4.3
  Downloading appdirs-1.4.4-py2.py3-none-any.whl (9.6 kB)
Requirement already satisfied: six<2,>=1.9.0 in c:\users\alswj\anaconda3\lib\site-packages (from virtualenv) (1.15.0)
Installing collected packages: distlib, appdirs, virtualenv
Successfully installed appdirs-1.4.4 distlib-0.3.1 virtualenv-20.4.3

C:\apps\flask_web>virtualenv --version
virtualenv 20.4.3 from c:\users\alswj\anaconda3\lib\site-packages\virtualenv\__init__.py

C:\apps\flask_web>virtualenv flask_web activate
usage: virtualenv [--version] [--with-traceback] [-v | -q] [--read-only-app-data] [--app-data APP_DATA] [--reset-app-data] [--upgrade-embed-wheels] [--discovery {builtin}] [-p py] [--try-first-with py_exe]
                  [--creator {builtin,cpython3-win,venv}] [--seeder {app-data,pip}] [--no-seed] [--activators comma_sep_list] [--clear] [--no-vcs-ignore] [--system-site-packages] [--copies] [--no-download | --download]
                  [--extra-search-dir d [d ...]] [--pip version] [--setuptools version] [--wheel version] [--no-pip] [--no-setuptools] [--no-wheel] [--no-periodic-update] [--symlink-app-data] [--prompt prompt] [-h]
                  dest
virtualenv: error: unrecognized arguments: activate
SystemExit: 2

C:\apps\flask_web>virtualenv flask_web C:\Users\alswj\anaconda3\Lib\site-packages\virtualenv\activation\batch\activate.bat
usage: virtualenv [--version] [--with-traceback] [-v | -q] [--read-only-app-data] [--app-data APP_DATA] [--reset-app-data] [--upgrade-embed-wheels] [--discovery {builtin}] [-p py] [--try-first-with py_exe]
                  [--creator {builtin,cpython3-win,venv}] [--seeder {app-data,pip}] [--no-seed] [--activators comma_sep_list] [--clear] [--no-vcs-ignore] [--system-site-packages] [--copies] [--no-download | --download]
                  [--extra-search-dir d [d ...]] [--pip version] [--setuptools version] [--wheel version] [--no-pip] [--no-setuptools] [--no-wheel] [--no-periodic-update] [--symlink-app-data] [--prompt prompt] [-h]
                  dest
virtualenv: error: unrecognized arguments: C:\Users\alswj\anaconda3\Lib\site-packages\virtualenv\activation\batch\activate.bat
SystemExit: 2

C:\apps\flask_web>
C:\apps\flask_web>
C:\apps\flask_web>cd ..

C:\apps>cd flask_web

C:\apps\flask_web>virtualenv ..
created virtual environment CPython3.8.5.final.0-64 in 8117ms
  creator CPython3Windows(dest=C:\apps, clear=False, no_vcs_ignore=False, global=False)
  seeder FromAppData(download=False, pip=bundle, setuptools=bundle, wheel=bundle, via=copy, app_data_dir=C:\Users\alswj\AppData\Local\pypa\virtualenv)
    added seed packages: pip==21.0.1, setuptools==54.1.2, wheel==0.36.2
  activators BashActivator,BatchActivator,FishActivator,PowerShellActivator,PythonActivator,XonshActivator

C:\apps\flask_web>cd ..

C:\apps>virtualenv flask_web
created virtual environment CPython3.8.5.final.0-64 in 1243ms
  creator CPython3Windows(dest=C:\apps\flask_web, clear=False, no_vcs_ignore=False, global=False)
  seeder FromAppData(download=False, pip=bundle, setuptools=bundle, wheel=bundle, via=copy, app_data_dir=C:\Users\alswj\AppData\Local\pypa\virtualenv)
    added seed packages: pip==21.0.1, setuptools==54.1.2, wheel==0.36.2
  activators BashActivator,BatchActivator,FishActivator,PowerShellActivator,PythonActivator,XonshActivator

C:\apps>cd flask_web

C:\apps\flask_web>Scripts\activate

pip install flask
Collecting flask
  Downloading Flask-1.1.2-py2.py3-none-any.whl (94 kB)
     |████████████████████████████████| 94 kB 371 kB/s
Collecting Werkzeug>=0.15
  Downloading Werkzeug-1.0.1-py2.py3-none-any.whl (298 kB)
     |████████████████████████████████| 298 kB 1.7 MB/s
Collecting itsdangerous>=0.24
  Downloading itsdangerous-1.1.0-py2.py3-none-any.whl (16 kB)
Collecting click>=5.1
  Downloading click-7.1.2-py2.py3-none-any.whl (82 kB)
     |████████████████████████████████| 82 kB 388 kB/s
Collecting Jinja2>=2.10.1
  Downloading Jinja2-2.11.3-py2.py3-none-any.whl (125 kB)
     |████████████████████████████████| 125 kB 6.8 MB/s
Collecting MarkupSafe>=0.23
  Downloading MarkupSafe-1.1.1-cp38-cp38-win_amd64.whl (16 kB)
Installing collected packages: MarkupSafe, Werkzeug, Jinja2, itsdangerous, click, flask
Successfully installed Jinja2-2.11.3 MarkupSafe-1.1.1 Werkzeug-1.0.1 click-7.1.2 flask-1.1.2 itsdangerous-1.1.0

(flask_web) C:\apps\flask_web>git init
Initialized empty Git repository in C:/apps/flask_web/.git/

(flask_web) C:\apps\flask_web>flask --version
Python 3.8.5
Flask 1.1.2
Werkzeug 1.0.1

(flask_web) C:\apps\flask_web>pip install freeze > a.txt

(flask_web) C:\apps\flask_web>pip freeze > a.txt

(flask_web) C:\apps\flask_web>git add .
warning: LF will be replaced by CRLF in .idea/inspectionProfiles/profiles_settings.xml.
The file will have its original line endings in your working directory

(flask_web) C:\apps\flask_web>git commit -m "환경설정끝"
Author identity unknown

*** Please tell me who you are.

Run

  git config --global user.email "you@example.com"
  git config --global user.name "Your Name"

to set your account's default identity.
Omit --global to set the identity only in this repository.

fatal: unable to auto-detect email address (got 'alswj@DESKTOP-UEL5BIB.(none)')

(flask_web) C:\apps\flask_web>git config --global user.email "alswjd7961@naver.com"

(flask_web) C:\apps\flask_web>git config --global user.name "minjung"

(flask_web) C:\apps\flask_web>git commit -m "환경설정끝"
[master (root-commit) 701e0b7] 환경설정끝
 10 files changed, 57 insertions(+)
 create mode 100644 .gitignore
 create mode 100644 .idea/.gitignore
 create mode 100644 .idea/flask_web.iml
 create mode 100644 .idea/inspectionProfiles/profiles_settings.xml
 create mode 100644 .idea/misc.xml
 create mode 100644 .idea/modules.xml
 create mode 100644 .idea/vcs.xml
 create mode 100644 a.txt
 create mode 100644 app.py
 create mode 100644 pyvenv.cfg

(flask_web) C:\apps\flask_web>python app.py

(flask_web) C:\apps\flask_web>python --version
Python 3.8.5

(flask_web) C:\apps\flask_web>python app.py

(flask_web) C:\apps\flask_web>python app.py

(flask_web) C:\apps\flask_web>python app.py

(flask_web) C:\apps\flask_web>git add app.py

(flask_web) C:\apps\flask_web>git commit -m "플라스크 서버 실행 원시 코드"
[master 181d360] 플라스크 서버 실행 원시 코드
 1 file changed, 10 insertions(+)

(flask_web) C:\apps\flask_web>git add app.py

(flask_web) C:\apps\flask_web>git commit -m "localhost:5000/data 으로 요청시 반응설정 원시 코"
[master 17dc352] localhost:5000/data 으로 요청시 반응설정 원시 코
 1 file changed, 7 insertions(+)

(flask_web) C:\apps\flask_web>
(flask_web) C:\apps\flask_web>git add app.py

(flask_web) C:\apps\flask_web>git add templates/index.html

(flask_web) C:\apps\flask_web>git commit -m "@ 데코레이터 요청 중계 원시 코드"
[master c052830] @ 데코레이터 요청 중계 원시 코드
 2 files changed, 19 insertions(+), 1 deletion(-)
 create mode 100644 templates/index.html

(flask_web) C:\apps\flask_web>git add templates/_navbar.html
fatal: pathspec 'templates/_navbar.html' did not match any files

(flask_web) C:\apps\flask_web>git add templates/includes/_navbar.html

(flask_web) C:\apps\flask_web>git commit -m "네비게이션바 생성"
[master a11d167] 네비게이션바 생성
 1 file changed, 21 insertions(+)
 create mode 100644 templates/includes/_navbar.html

(flask_web) C:\apps\flask_web>git add .

(flask_web) C:\apps\flask_web>git commit -m "레이아웃생성"
[master 96f1220] 레이아웃생성
 3 files changed, 18 insertions(+), 1 deletion(-)
 create mode 100644 templates/layouts.html

(flask_web) C:\apps\flask_web>git add .

(flask_web) C:\apps\flask_web>git commit -m "네비게이션바 생성"
[master 262ef64] 네비게이션바 생성
 1 file changed, 3 insertions(+)

(flask_web) C:\apps\flask_web>git add .

(flask_web) C:\apps\flask_web>git commit -m "index.html 에 layout 입힘 생성"
[master 1f88084] index.html 에 layout 입힘 생성
 2 files changed, 13 insertions(+), 15 deletions(-)

(flask_web) C:\apps\flask_web>git add .

(flask_web) C:\apps\flask_web>git commit -m "articles 도 라우팅"
[master 70738bd] articles 도 라우팅
 2 files changed, 13 insertions(+), 1 deletion(-)
 create mode 100644 templates/articles.html

(flask_web) C:\apps\flask_web>git add .

(flask_web) C:\apps\flask_web>git commit -m "article.html 에 layout 입힘 생성"
[master d409309] article.html 에 layout 입힘 생성
 1 file changed, 7 insertions(+), 10 deletions(-)

(flask_web) C:\apps\flask_web>git add .

(flask_web) C:\apps\flask_web>git commit -m "list가 담긴 data.py 마듦"
[master bf1b3ea] list가 담긴 data.py 마듦
 1 file changed, 5 insertions(+)
 create mode 100644 data.py

(flask_web) C:\apps\flask_web>git add .

(flask_web) C:\apps\flask_web>git commit -m "data.py app.py 에 임포트 시킴"
[master 2eb8b73] data.py app.py 에 임포트 시킴
 2 files changed, 1 insertion(+), 1 deletion(-)
 create mode 100644 __pycache__/data.cpython-38.pyc

(flask_web) C:\apps\flask_web>git add .

(flask_web) C:\apps\flask_web>git commit -m "data.py 의 Articles 함수를 이용해 리스트 객체 콘솔에 출력"
[master 2a2146d] data.py 의 Articles 함수를 이용해 리스트 객체 콘솔에 출력
 1 file changed, 3 insertions(+), 1 deletion(-)

(flask_web) C:\apps\flask_web>git add .

(flask_web) C:\apps\flask_web>git commit -m "app.py 에서 객체를 보내온것을 articles.html에 출력하기"
[master 354de12] app.py 에서 객체를 보내온것을 articles.html에 출력하기
 2 files changed, 2 insertions(+), 2 deletions(-)

(flask_web) C:\apps\flask_web>git add .

(flask_web) C:\apps\flask_web>git commit -m "받아온 객체 이쁘게 출력"
[master 906c7a3] 받아온 객체 이쁘게 출력
 1 file changed, 23 insertions(+), 1 deletion(-)

(flask_web) C:\apps\flask_web>git remote add origin https://github.com/minjung7961/flask_web_review.git

(flask_web) C:\apps\flask_web>git branch -M main

(flask_web) C:\apps\flask_web>git push -u origin main
Enumerating objects: 75, done.
Counting objects: 100% (75/75), done.
Delta compression using up to 4 threads
Compressing objects: 100% (69/69), done.
Writing objects: 100% (75/75), 10.34 KiB | 481.00 KiB/s, done.
Total 75 (delta 34), reused 0 (delta 0), pack-reused 0
remote: Resolving deltas: 100% (34/34), done.
To https://github.com/minjung7961/flask_web_review.git
 * [new branch]      main -> main
Branch 'main' set up to track remote branch 'main' from 'origin'.

(flask_web) C:\apps\flask_web>
